\BOOKMARK [1][-]{section.1}{\376\377\060\253\060\320\060\354\060\303\060\270\210\150}{}% 1
\BOOKMARK [1][-]{section.2}{\376\377\153\040\204\075\122\006\060\156\133\232\137\017\123\026\000\040\000I\000\040\040\025\040\025\000\040\214\307\147\054\060\156\060\263\060\271\060\310\122\376\221\115\377\010\000\247\0001\000.\0001\377\011}{}% 2
\BOOKMARK [1][-]{section.3}{\376\377\153\040\204\075\122\006\060\156\133\232\137\017\123\026\000\040\000I\000I\000\040\040\025\040\025\000\040\171\373\220\001\377\010\000\247\0001\000.\0002\377\011}{}% 3
\BOOKMARK [2][-]{subsection.3.1}{\376\377\210\301\133\232\160\271\060\156\122\027}{section.3}% 4
\BOOKMARK [2][-]{subsection.3.2}{\376\377\171\373\220\001\225\242\145\160}{section.3}% 5
\BOOKMARK [2][-]{subsection.3.3}{\376\377\124\010\213\160\117\123\060\150\171\076\131\026}{section.3}% 6
\BOOKMARK [2][-]{subsection.3.4}{\376\377\122\060\220\124\147\141\116\366\060\150\176\056\220\000\060\156\127\372\156\226\160\271}{section.3}% 7
\BOOKMARK [1][-]{section.4}{\376\377\153\040\204\075\122\006\060\156\133\232\137\017\123\026\000\040\000I\000I\000I\000\040\040\025\040\025\000\040\214\254\116\373\060\150\204\127\200\005\152\051\377\010\000\247\0001\000.\0003\377\011}{}% 8
\BOOKMARK [1][-]{section.5}{\376\377\153\040\204\075\122\006\060\156\133\232\137\017\123\026\000\040\000I\000V\000\040\040\025\040\025\000\040\220\032\214\250\060\150\220\170\131\175\377\010\000\247\0001\000.\0005\377\011}{}% 9
\BOOKMARK [2][-]{subsection.5.1}{\376\377\212\074\142\340\060\150\153\041\121\103\060\156\060\336\060\303\060\301\060\363\060\260}{section.5}% 10
\BOOKMARK [2][-]{subsection.5.2}{\376\377\220\170\131\175\134\144\000\040\040\025\040\025\000\040\167\037\060\147\060\102\060\213\060\123\060\150\060\150\146\370\060\104\060\146\060\210\060\104\060\123\060\150\060\156\122\006\226\342}{section.5}% 11
\BOOKMARK [1][-]{section.6}{\376\377\153\040\204\075\122\006\060\156\133\232\137\017\123\026\000\040\000V\000\040\040\025\040\025\000\040\211\217\122\107\060\150\143\245\175\232}{}% 12
\BOOKMARK [2][-]{subsection.6.1}{\376\377\000\040\060\150\000\040\000o\000n\000\050\000b\000\051\000\040\060\156\220\043\175\120\377\010\173\054\0001\172\077\060\156\157\134\127\050\060\320\060\260\377\011}{section.6}% 13
\BOOKMARK [2][-]{subsection.6.2}{\376\377\000b\377\010\171\201\153\142\120\164\377\011\060\156\121\105\130\153\000\040\040\025\040\025\000\040\000R\0002\000/\000R\0003}{section.6}% 14
\BOOKMARK [2][-]{subsection.6.3}{\376\377\000R\0001\060\373\000R\0005\060\373\000R\0007}{section.6}% 15
\BOOKMARK [2][-]{subsection.6.4}{\376\377\044\144\060\156\120\164\147\141\116\366\377\010\000a\000l\000l\000o\000w\000e\000d\000\040\060\156\175\104\217\274\060\177\377\011}{section.6}% 16
\BOOKMARK [2][-]{subsection.6.5}{\376\377\000\040\060\156\120\044\127\337\060\156\175\060\122\006\060\150\060\001\153\213\060\213\216\370}{section.6}% 17
\BOOKMARK [1][-]{section.7}{\376\377\175\161\124\010\123\357\200\375\140\047\060\156\151\034\212\074}{}% 18
\BOOKMARK [1][-]{section.8}{\376\377\153\040\204\075\122\006\060\156\133\232\137\017\123\026\000\040\000V\000I\000\040\040\025\040\025\000\040\060\273\060\260\060\341\060\363\060\310\145\342\133\232\120\044\060\150\117\341\230\074\136\246}{}% 19
\BOOKMARK [2][-]{subsection.8.1}{\376\377\120\044\060\147\060\157\060\152\060\117\122\006\136\003\060\222\217\324\060\131}{section.8}% 20
\BOOKMARK [2][-]{subsection.8.2}{\376\377\122\044\133\232\211\217\122\107}{section.8}% 21
\BOOKMARK [2][-]{subsection.8.3}{\376\377\000a\000u\000t\000o\000\040\060\157\227\136\133\376\171\360\060\263\060\271\060\310\060\113\060\211\134\016\121\372\060\125\060\214\060\213}{section.8}% 22
\BOOKMARK [2][-]{subsection.8.4}{\376\377\220\170\142\236\060\355\060\260\060\153\060\210\060\213\146\364\145\260}{section.8}% 23
\BOOKMARK [2][-]{subsection.8.5}{\376\377\060\253\060\320\060\354\060\303\060\270\210\150\060\156\146\364\145\260}{section.8}% 24
\BOOKMARK [1][-]{section.9}{\376\377\153\213\060\213\153\040\204\075}{}% 25
